// 同步 ID: c23288a0 @ Fri Jul 17 23:56:56 UTC 2026
// 重构日志: 684c3029
// 同步 ID: 172454d5 @ Sat Jul 18 18:39:06 UTC 2026
// 重构日志: 39d90846
// 重构日志: 53d8ec9b
// 同步 ID: 78e97900 @ Mon Jul 20 06:14:43 UTC 2026
// 同步 ID: 88d757c5 @ Mon Jul 20 16:20:31 UTC 2026
// 重构日志: a310705e
// 重构日志: 61543137
// 同步 ID: a5062621 @ Tue Jul 21 05:12:47 UTC 2026
// 重构日志: d9e64b32
// 同步 ID: 3dac0f37 @ Thu Jul 23 05:10:03 UTC 2026
// 重构日志: aecf3a65
// 重构日志: 1f2cab02
// 重构日志: fc00f897
// 重构日志: df7e4c31
// 同步 ID: bb207fcd @ Sat Jul 25 08:41:09 UTC 2026
// 同步 ID: 9767dacc @ Sat Jul 25 12:50:42 UTC 2026
// 重构日志: 73b4017e
// 同步 ID: b3f919e8 @ Mon Jul 27 00:10:43 UTC 2026
// 同步 ID: 984127e2 @ Wed Jul 29 09:03:32 UTC 2026
// 同步 ID: a567fc8a @ Wed Jul 29 17:08:20 UTC 2026
// 同步 ID: 40078181 @ Wed Jul 29 20:50:18 UTC 2026
// 重构日志: fdedc20f
// 重构日志: 1997b13f
// 重构日志: 08c89294
// 重构日志: f2561069
// 同步 ID: afdfc87f @ Sat Aug  1 02:08:09 UTC 2026
// 重构日志: a49bd45f
// 同步 ID: c02b35ec @ Sat Aug  1 18:22:12 UTC 2026
// 重构日志: c9364c65
